PS C:\Users\User\Documents> cd git_challenge
PS C:\Users\User\Documents\git_challenge> git init
Initialized empty Git repository in C:/Users/User/Documents/git_challenge/.git/
PS C:\Users\User\Documents\git_challenge> echo "Hello, world!" >> hello_world.txt
PS C:\Users\User\Documents\git_challenge> git add hello_world.txt
PS C:\Users\User\Documents\git_challenge> git commit -m "1回目のコミット"
[main (root-commit) 2171f6f] 1回目のコミット
 1 file changed, 0 insertions(+), 0 deletions(-)
 create mode 100644 hello_world.txt
PS C:\Users\User\Documents\git_challenge> echo "こんにちは、世界！" >> hello_world.txt
PS C:\Users\User\Documents\git_challenge> git add hello_world.txt
PS C:\Users\User\Documents\git_challenge> git commit -m "2回目のコミット"
[main af3cd11] 2回目のコミット
 1 file changed, 0 insertions(+), 0 deletions(-)
PS C:\Users\User\Documents\git_challenge> git log --oneline
af3cd11 (HEAD -> main) 2回目のコミット
2171f6f 1回目のコミット
PS C:\Users\User\Documents\git_challenge>